// Jest Snapshot v1, https://goo.gl/fbAQLP

exports[`Addition Scene Renders properly 1`] = `ShallowWrapper {}`;
