// Jest Snapshot v1, https://goo.gl/fbAQLP

exports[`Fibonacci Scene Renders properly 1`] = `ShallowWrapper {}`;
