// Jest Snapshot v1, https://goo.gl/fbAQLP

exports[`Prime Scene Renders properly 1`] = `ShallowWrapper {}`;
